mads 2.1.5 build 3 (21 Feb 22)
Source: addTwo.asm
     1
     2 				; $ prefix means hex, % prefix means binary, no prefix means decimal.
     3 = 001A			number1 = 26
     4 = 0037			number2 = 55
     5 				;addResult = $8D
     6
     7 				        icl 'equates.asm'
Source: equates.asm
     1 				; printing variables and constants
     2 = 0346			putchar_ptr = $346                      ; CONSTANT: putchar_ptr = $346 (OS character output vector address)
     3 = 02F0			csrhinh     = $2F0                      ; CONSTANT: csrhinh = $2F0 (OS cursor visible/hidden control address)        
     4 = 0054			rowcrs      = $54                       ; CONSTANT: rowcrs = $54 (OS zero page address that controls cursor row)
     5 = 0055			colcrs      = $55                       ; CONSTANT: colcrs = $55 (OS zero page address that controls cursor column)
     6 = 0030			offset_to_char = $30                    ; Offset from integer literal to ATASCII character equivalent of the number
     7
     8
     9
    10 				; graphics variables and constants
    11 = 0080			plotX_lo    = $80       ; low byte of X coordinate (0-319 needs 2 bytes!)
    12 = 0081			plotX_hi    = $81       ; high byte of X coordinate
    13 = 0082			plotY       = $82       ; Y coordinate (0-191, fits in one byte)
    14 = 0083			temp_lo     = $83       ; temporary storage low byte
    15 = 0084			temp_hi     = $84       ; temporary storage high byte
    16 = 0085			scrptr_lo   = $85       ; calculated screen address low byte
    17 = 0086			scrptr_hi   = $86       ; calculated screen address high byte
    18 = 0087			save_lo     = $87       ; saved plotY × 8 low byte
    19 = 0088			save_hi     = $88       ; saved plotY × 8 high byte
    20 = 0089			bitpos      = $89       ; bit position within byte (plotX mod 8) that our pixel lives in
    21 = 008A			bitmask     = $8A       ; save our mask that we will use to turn ONLY our pixel on
    22
    23 				; string temp variables
    24 = 008B			strptr_lo   = $8B                       ; low byte of string address
    25 = 008C			strptr_hi   = $8C                       ; high byte of string address
    26
    27 				; =====================================================================
    28 				; CIO (Central I/O) constants
    29 				; CIO is the Atari OS I/O system. We use it to open graphics mode.
    30 				; Each I/O channel uses an IOCB (I/O Control Block) — a fixed block
    31 				; of memory containing command, device, buffer address, and aux bytes.
    32 				; We use IOCB6 (base address $0360) for graphics.
    33 				; X register = $60 tells CIOV which IOCB to use (IOCB6).
    34 				; =====================================================================
    35 = E456			CIOV    = $E456     ; OS CIO entry point — call jsr CIOV to execute
    36 = 0342			ICCOM   = $0342     ; IOCB6 command register
    37 				                    ;   $03 = OPEN   (open a device)
    38 				                    ;   $0C = CLOSE  (close a device)
    39 = 0344			ICBAL   = $0344     ; IOCB6 buffer address low byte
    40 				                    ;   for OPEN: points to device name string "S:"
    41 = 0345			ICBAH   = $0345     ; IOCB6 buffer address high byte
    42 				                    ;   together with ICBAL forms 16-bit pointer to "S:"
    43 = 034A			ICAX1   = $034A     ; IOCB6 auxiliary byte 1
    44 				                    ;   for OPEN: $0C = read/write access mode
    45 = 034B			ICAX2   = $034B     ; IOCB6 auxiliary byte 2
    46 				                    ;   for OPEN: graphics mode number (8 = GR.8)
    47
    48 				; =====================================================================
    49 				; Screen RAM pointer
    50 				; After CIO opens GR.8, the OS stores the address of screen RAM
    51 				; in SAVMSC (two bytes). $58 = low byte, $59 = high byte.
    52 				; On our 800XL PAL system screen RAM ends up at $B060.
    53 				; =====================================================================
    54 = 0058			SAVMSC  = $58       ; zero page address — low byte of screen RAM address
    55 				                    ; $59 automatically contains the high byte
    56
    57 				; =====================================================================
    58 				; Attract mode constants
    59 				; The Atari OS has an attract mode that kicks in after inactivity
    60 				; to prevent screen burn-in. It does this by desaturating all colors
    61 				; making everything appear as shades of grey/blue.
    62 				; We must continuously reset these in our main loop to keep colors!
    63 				; =====================================================================
    64 = 004D			ATRACT  = $4D       ; attract mode counter — OS increments this each frame
    65 				                    ; when it reaches a threshold attract mode activates
    66 				                    ; we keep writing 0 to prevent it from activating
    67 = 004E			ATRMSK  = $4E       ; attract mode color mask
    68 				                    ; OS ANDs all colors with this value
    69 				                    ; $FE strips hue leaving only luminance (grey/blue)
    70 				                    ; $FF = full color (no masking) — what we want
     8 				        icl 'routines.asm'
Source: routines.asm
     1 				; routines.asm
     2 				        org $3000               ; routines live at $3000
     3
     4 				; print a string
     5 				; Assumptions
     6 				; strptr_lo = low address of the string
     7 				; strptr_hi = high address of the string
     8 				;       together we have a 16-bit address of the string
     9
    10 				; Y = index of current character to process, starts at 0
    11 				; example calling code:
    12 				;       mva #1 csrhinh                  ; hide the cursor
    13 				;        mva #6 rowcrs                   ; set output row
    14 				;        mva #10 colcrs                  ; set output column
    15 				;        
    16 				;        mva #<string1 strptr_lo         ; low byte of string1 address
    17 				;        mva #>string1 strptr_hi         ; high byte o f string1 address
    18 				;        jsr print_string                ; print the string
    19 				;
    20 				;========= don't forget you'll need data
    21 				;       .local string1
    22 				;        .byte 'HELLO FROM STRING ONE!',0
    23 				;        .endl
    24
    25
    26 				        .proc print_string
    27 FFFF> 3000-30BB> A0 00	        ldy #0
    28 3002			loop:
    29 3002 B1 8B		        lda (strptr_lo),y               ; with an offset of Y bytes, grab the byte at the 16-bit address
    30 3004 C9 00		        cmp #0                          ; test if we found the 0 string terminator: A == 0?   
    31 3006 F0 0D		        beq exit                        ; if true, branch to exit
    32 3008 98			        tya                             ; A = Y
    33 3009 48			        pha                             ; push A onto the stack
    34 300A B1 8B		        lda (strptr_lo),y               ; re-fetch current byte of string
    35 300C 20 19 30		        jsr putchar                     ; call putchar to write a character out
    36 300F 68			        pla                             ; A = pop stack
    37 3010 A8			        tay                             ; Y = A
    38 3011 C8			        iny                             ; Y = Y + 1
    39 3012 4C 02 30		        jmp loop                        ; GOTO loop
    40 3015			exit:
    41 3015 60			        rts                             ; exit subroutine
    42 				        .endp
    43
    44 3016			stop:
    45 3016 4C 16 30		        jmp stop                        ; GOTO stop                   (infinite loop = program halts here)
    46
    47
    48 				; print a character
    49 				; Assumptions
    50 				; 1. the character is in register A
    51 				; 2. the character has been converted to ATASCII
    52 				; 3. before calling, save values of X and Y registers
    53
    54 3019			        .proc putchar
    55 3019 AA			        tax             ; X = A                       (save character from A into X because A is about to be clobbered)
    56 301A AD 47 03		        lda putchar_ptr+1 ; A = memory[$347]          (load high byte of OS print routine address)
    57 301D 48			        pha             ; push A onto stack            (high byte on stack, will be popped second by rts)
    58 301E AD 46 03		        lda putchar_ptr ; A = memory[$346]            (load low byte of OS print routine address)
    59 3021 48			        pha             ; push A onto stack            (low byte on stack, will be popped first by rts)
    60 3022 8A			        txa             ; A = X                       (restore original character back into A because OS print routine expects character value in A)
    61 3023 60			        rts             ; RETURN                      (pops OS address from stack and jumps there, OS prints character in A, then returns to main)
    62 				        .endp           ; end of putchar procedure
    63
    64 				;========================================================================================
    65 				        ; print both digits in base 10, from left to right
    66 				        ; strategy is to continue subracting 10 from our hex value until it is less than 10
    67 				        ; once we are there we now have the "tens digit" in X and the "ones digit" in A
    68 				        ; Assumtions: A contains the hex value of the number to print
    69
    70 3024			        .proc printDecimal
    71 3024 A2 00		        ldx #0
    72 3026			checkCount:
    73 				        ; if A < 10   → carry = 0  → bcc branches   (carry CLEAR)
    74 				        ; if A >= 10  → carry = 1  → bcs branches   (carry SET)
    75 3026 C9 0A		        cmp #10             ; Does A = 10?
    76 3028 90 06		        bcc doneCounting    ; branch if carry is cleared
    77 302A 38			        sec                 ; set carry
    78 302B E9 0A		        sbc #10             ; A = A - 10
    79 302D E8			        inx                 ; X = X + 1
    80 302E D0 F6		        bne checkCount
    81
    82 3030			doneCounting:   
    83 3030 48			        pha                 ; push(A) (push A onto the stack)
    84 3031 8A			        txa                 ; A = X
    85 3032 18			        clc
    86 3033 69 30		        adc #offset_to_char
    87 3035 20 19 30		        jsr putchar
    88
    89 3038 68			        pla                 ; A = pop() (pop the next value off the stack)
    90 3039 18			        clc 
    91 303A 69 30		        adc #offset_to_char
    92 303C 20 19 30		        jsr putchar
    93 				        .endp
    94
    95 				; plot a point (x,y)
    96 				; Step 1: Find which ROW we're on
    97 				;        plotY × 40 = how many bytes to skip to reach our row
    98 				;        (each row is 40 bytes wide)
    99 				;        2^3 + 2^2
   100 				; Step 2: Find which BYTE within that row
   101 				;        plotX ÷ 8 = which byte contains our pixel
   102 				;        (each byte holds 8 pixels)
   103 				;
   104 				; Step 3: Add them together
   105 				;        (plotY × 40) + (plotX ÷ 8) = total byte offset from start of screen RAM
   106 				;
   107 				; Step 4: Add SAVMSC
   108 				;        SAVMSC + offset = actual address in memory of our byte
   109 				;
   110 				; Step 5: Find which BIT within that byte
   111 				;        7 - (plotX mod 8) = which bit is our pixel
   112 				;
   113 				; Step 6: Set that bit
   114 				;        read the byte
   115 				;        OR with our bit mask
   116 				;        write the byte back
   117 				;
   118 303F			        .proc plotPoint
   119
   120 				        ; see multiplyingYby40.txt for full breakdown with an example!
   121
   122 				        ; defeat attract mode on every plot
   123 303F A9 00 85 4D		        mva #0    ATRACT
   124 3043 A9 FF 85 4E		        mva #$FF  ATRMSK
   125
   126 				        ; Step 1: Find which ROW we're on
   127 3047 A5 82		        lda plotY
   128 3049 85 83		        sta temp_lo         ; temp = plotY
   129 304B A9 00		        lda #0
   130 304D 85 84		        sta temp_hi         ; high byte starts at 0
   131
   132 				        ; × 2
   133 304F 06 83		        asl temp_lo         ; shift temp_lo to the left one bit
   134 3051 26 84		        rol temp_hi         ; shift temp_hi to the left one bit and include the carry 
   135
   136 				        ; × 4
   137 3053 06 83		        asl temp_lo
   138 3055 26 84		        rol temp_hi
   139
   140 				        ; × 8  ← save this!
   141 3057 06 83		        asl temp_lo
   142 3059 26 84		        rol temp_hi
   143 305B A5 83		        lda temp_lo
   144 305D 85 87		        sta save_lo
   145 305F A5 84		        lda temp_hi
   146 3061 85 88		        sta save_hi
   147
   148 				        ; × 16
   149 3063 06 83		        asl temp_lo
   150 3065 26 84		        rol temp_hi
   151
   152 				        ; × 32
   153 3067 06 83		        asl temp_lo
   154 3069 26 84		        rol temp_hi
   155
   156 306B A5 83		        lda temp_lo         ; A = temp_lo    (low byte of plotY × 32)
   157 306D 18			        clc                 ; clear carry
   158 306E 65 87		        adc save_lo         ; A = temp_lo + save_lo  (add plotY × 8)
   159 3070 85 83		        sta temp_lo         ; temp_lo = low byte of plotY × 40
   160
   161 3072 A5 84		        lda temp_hi         ; A = temp_hi    (high byte of plotY × 32)
   162 3074 65 88		        adc save_hi         ; A = temp_hi + save_hi + carry  (add high bytes)
   163 3076 85 84		        sta temp_hi         ; temp_hi = high byte of plotY × 40
   164 				        ; we now have the offset to our target row in temp_lo and temp_hi
   165
   166 				        ; calculate which bit 
   167 3078 A5 80		        lda plotX_lo
   168 307A 29 07		        and #%00000111      ; mask bottom 3 bits = plotX mod 8
   169 307C 85 89		        sta bitpos          ; save for Step 5
   170
   171 				        ; Step 2: find offset from start of row to our pixel
   172 				        ; plotX ÷ 8 using 16-bit right shift
   173 				        ; ON ENTRY: plotX_hi/plotX_lo contains X coordinate (0-319)
   174 				        ; ON EXIT:  A contains column byte offset (0-39)
   175 307E 46 81		        lsr plotX_hi        ; shift high byte right, bit 0 → carry
   176 3080 66 80		        ror plotX_lo        ; carry → bit 7 of low byte, bit 0 → carry
   177
   178 3082 46 81		        lsr plotX_hi        ; shift again
   179 3084 66 80		        ror plotX_lo
   180
   181 3086 46 81		        lsr plotX_hi        ; shift again
   182 3088 66 80		        ror plotX_lo        ; plotX_lo now contains plotX ÷ 8
   183
   184 				        ; Step 3: add results from step 1 and 2 together
   185 308A A5 83		        lda temp_lo
   186 308C 18			        clc
   187 308D 65 80		        adc plotX_lo
   188 308F 85 83		        sta temp_lo
   189
   190 3091 A5 84		        lda temp_hi
   191 3093 69 00		        adc #0
   192 3095 85 84		        sta temp_hi
   193 				        ; temp now contains total byte offset from SAVMSC
   194
   195 				        ; Step 4: Add SAVMSC Base Address
   196 3097 A5 83		        lda temp_lo
   197 3099 18			        clc
   198 309A 65 58		        adc SAVMSC
   199 309C 85 85		        sta scrptr_lo
   200
   201 309E A5 84		        lda temp_hi
   202 30A0 65 59		        adc SAVMSC+1
   203 30A2 85 86		        sta scrptr_hi
   204
   205 				        ; Step 5: find which bit to turn on
   206 				        ; algo:  bit position = 7 - (plotX mod 8)
   207 				        ; Step 5: find which bit to turn on
   208 30A4 A9 80		        lda #$80            ; A = %10000000  (start with bit 7)
   209 30A6 A6 89		        ldx bitpos          ; X = number of times to shift right
   210 30A8 F0 04		        beq done_shift      ; if bitpos = 0 no shifting needed!
   211 30AA			shift_loop:
   212 30AA 4A			        lsr                 ; shift A right one position
   213 30AB CA			        dex                 ; X = X - 1
   214 30AC D0 FC		        bne shift_loop      ; if X != 0 keep shifting
   215 30AE			done_shift:
   216 				                            ; A now contains our bit mask
   217
   218 				        ; Step 6: turn on our bit!!
   219 30AE 85 8A		        sta bitmask             ; save mask
   220 30B0 A0 00		        ldy #0                  ; Y = 0 for indirect indexed addressing
   221 30B2 B1 85		        lda (scrptr_lo),y       ; read current byte from screen RAM
   222 30B4 05 8A		        ora bitmask             ; OR with our bit mask (sets our pixel bit)
   223 30B6 91 85		        sta (scrptr_lo),y       ; write modified byte back to screen RAM
   224
   225 30B8 60			        rts
   226 				        .endp
   227
   228
   229 				; =====================================================================
   230 				; DATA
   231 				; =====================================================================
   232 30B9 53 3A 9B		scrname .byte 'S:',$9B             ; device name string for CIO OPEN
   233 				                                    ; 'S:' = screen device
   234 				                                    ; $9B  = ATASCII end-of-line terminator
     9
    10 30BC			        org $2000
    11
    12 2000			        .proc main
    13 				    
    14 				        ;=============================================================
    15 				        ; print a string example
    16 				        ;
    17 2000-202A> A9 01 8D F0 +         mva #1 csrhinh                  ; hide the cursor
    18 2005 A9 06 85 54		        mva #6 rowcrs                   ; set output row
    19 2009 A9 0A 85 55		        mva #10 colcrs                  ; set output column
    20 				        
    21 200D A9 23 85 8B		        mva #<string1 strptr_lo         ; low byte of string1 address
    22 2011 A9 20 85 8C		        mva #>string1 strptr_hi         ; high byte o f string1 address
    23 2015 20 00 30		        jsr print_string                ; print the string
    24
    25 				        ; add two numbers
    26 2018 A9 1A		        lda #number1        ; A = literal value in number1
    27 201A 18			        clc                 ; clear the carry
    28 201B 69 37		        adc #number2        ; A = A + liter value in number 2
    29 				        ;sta addResult       ; memory[addResult] = A
    30
    31 				        ;print both digits in HEX, from left to right 
    32 				        ;first digit, shift right four times to move the first digit to the second digit's place
    33 				        ;lsr 
    34 				        ;lsr
    35 				        ;lsr
    36 				        ;lsr 
    37 				        ;adc #offset_to_char   
    38 				        ;jsr putchar
    39
    40 				        ;lda addResult       ; A = result from above
    41 				        ;and #%00001111      ; mask bottom 4 bits to obtain just the right digit
    42 				        ;adc #offset_to_char
    43 				        ;jsr putchar
    44
    45 				        ; print both digits in base 10, from left to right
    46 				        ; strategy is to continue subracting 10 from our hex value until it is less than 10
    47 				        ; once we are there we now have the "tens digit" in X and the "ones digit" in A
    48 				        
    49 201D 20 24 30		        jsr printDecimal
    50
    51 2020 4C 16 30		        jmp stop                        ; stop is inside routines.asm
    52 				        ;=============================================================
    53
    54 				                .endp
    55
    56 				;===================================================================
    57 				; Data section
    58 				;===================================================================
    59 2023			        .local string1
    60 2023 52 45 53 55 4C 54 +         .byte 'RESULT=',0
    61 				        .endl
    62
    63
    64 02E0-02E1> 00 20		        run main
